05:55:10:541 [13724] | INFO  | Initializing crosire's ReShade version '6.1.0.1836' (64-bit) loaded from "D:\Supermarket Simulator mod\Github\Für alle\dxgi.dll" into "D:\Supermarket Simulator mod\Github\Für alle\Supermarket Simulator.exe" (0xade84c76) ...
05:55:10:541 [13724] | INFO  | Registering hooks for "user32.dll" ...
05:55:10:541 [13724] | INFO  | > Libraries loaded.
05:55:10:541 [13724] | INFO  | > Found 14 match(es). Installing ...
05:55:10:570 [13724] | INFO  | Registering hooks for "C:\windows\system32\dinput.dll" ...
05:55:10:570 [13724] | INFO  | > Delayed.
05:55:10:571 [13724] | INFO  | Registering hooks for "ws2_32.dll" ...
05:55:10:571 [13724] | INFO  | > Libraries loaded.
05:55:10:571 [13724] | INFO  | > Found 8 match(es). Installing ...
05:55:10:600 [13724] | INFO  | Registering hooks for "C:\windows\system32\d2d1.dll" ...
05:55:10:601 [13724] | INFO  | > Delayed.
05:55:10:601 [13724] | INFO  | Registering hooks for "C:\windows\system32\d3d9.dll" ...
05:55:10:601 [13724] | INFO  | > Delayed.
05:55:10:601 [13724] | INFO  | Registering hooks for "C:\windows\system32\d3d10.dll" ...
05:55:10:601 [13724] | INFO  | > Delayed.
05:55:10:601 [13724] | INFO  | Registering hooks for "C:\windows\system32\d3d10_1.dll" ...
05:55:10:602 [13724] | INFO  | > Delayed.
05:55:10:602 [13724] | INFO  | Registering hooks for "C:\windows\system32\d3d11.dll" ...
05:55:10:602 [13724] | INFO  | > Libraries loaded.
05:55:10:603 [13724] | INFO  | > Found 3 match(es). Installing ...
05:55:10:633 [13724] | INFO  | Registering hooks for "C:\windows\system32\d3d12.dll" ...
05:55:10:633 [13724] | INFO  | > Delayed.
05:55:10:633 [13724] | INFO  | Registering hooks for "C:\windows\system32\dxgi.dll" ...
05:55:10:633 [13724] | INFO  | > Delayed until first call to an exported function.
05:55:10:633 [13724] | INFO  | Registering hooks for "vrclient_x64.dll" ...
05:55:10:633 [13724] | INFO  | > Delayed.
05:55:10:633 [13724] | INFO  | Initialized.
05:55:10:664 [13724] | INFO  | Redirecting CreateDXGIFactory2(Flags = 0, riid = {7B7166EC-21C7-44AE-B21A-C9AE321AE369}, ppFactory = 00007FF9D751D330) ...
05:55:10:665 [13724] | INFO  | Installing export hooks for "C:\windows\system32\dxgi.dll" ...
05:55:10:665 [13724] | INFO  | > Found 5 match(es). Installing ...
05:55:10:669 [13724] | INFO  | Redirecting D3D11CreateDevice(pAdapter = 000001D90C47D540, DriverType = 0, Software = 0000000000000000, Flags = 0x20, pFeatureLevels = 000001D7F00179E0, FeatureLevels = 4, SDKVersion = 7, ppDevice = 00007FF9D751D208, pFeatureLevel = 00007FF9D7473A00, ppImmediateContext = 00007FF9D751D318) ...
05:55:10:669 [13724] | INFO  | > Passing on to D3D11CreateDeviceAndSwapChain:
05:55:10:669 [13724] | INFO  | Redirecting D3D11CreateDeviceAndSwapChain(pAdapter = 000001D90C47D540, DriverType = 0, Software = 0000000000000000, Flags = 0x20, pFeatureLevels = 000001D7F00179E0, FeatureLevels = 4, SDKVersion = 7, pSwapChainDesc = 0000000000000000, ppSwapChain = 0000000000000000, ppDevice = 00007FF9D751D208, pFeatureLevel = 00007FF9D7473A00, ppImmediateContext = 00007FF9D751D318) ...
05:55:10:737 [13724] | INFO  | Using feature level 0xb100.
05:55:10:737 [13724] | INFO  | Searching for add-ons (*.addon, *.addon64) in "D:\Supermarket Simulator mod\Github\Für alle" ...
05:55:10:738 [13724] | INFO  | Redirecting CreateDXGIFactory1(riid = {7B7166EC-21C7-44AE-B21A-C9AE321AE369}, ppFactory = 000000BC2EAEEB98) ...
05:55:11:342 [13724] | INFO  | Redirecting D3D11CreateDevice(pAdapter = 000001D90C47D540, DriverType = 0, Software = 0000000000000000, Flags = 0x820, pFeatureLevels = 0000000000000000, FeatureLevels = 0, SDKVersion = 7, ppDevice = 00007FF9D7531560, pFeatureLevel = 0000000000000000, ppImmediateContext = 00007FF9D7531568) ...
05:55:11:342 [13724] | INFO  | > Passing on to D3D11CreateDeviceAndSwapChain:
05:55:11:342 [13724] | INFO  | Redirecting D3D11CreateDeviceAndSwapChain(pAdapter = 000001D90C47D540, DriverType = 0, Software = 0000000000000000, Flags = 0x820, pFeatureLevels = 0000000000000000, FeatureLevels = 0, SDKVersion = 7, pSwapChainDesc = 0000000000000000, ppSwapChain = 0000000000000000, ppDevice = 00007FF9D7531560, pFeatureLevel = 0000000000000000, ppImmediateContext = 00007FF9D7531568) ...
05:55:11:362 [13724] | INFO  | Using feature level 0xb000.
05:55:13:488 [13724] | INFO  | Redirecting CreateDXGIFactory1(riid = {7B7166EC-21C7-44AE-B21A-C9AE321AE369}, ppFactory = 000000BC2EAEECF8) ...
05:55:13:493 [13724] | INFO  | Redirecting IDXGIFactory2::CreateSwapChainForHwnd(this = 000001D90AEF64F0, pDevice = 000001D90C49EC68, hWnd = 00000000007B0D98, pDesc = 000000BC2EAEECF0, pFullscreenDesc = 000000BC2EAEED50, pRestrictToOutput = 0000000000000000, ppSwapChain = 000000BC2EAEECE0) ...
05:55:13:493 [13724] | INFO  | > Dumping swap chain description:
05:55:13:494 [13724] | INFO  |   +-----------------------------------------+-----------------------------------------+
05:55:13:494 [13724] | INFO  |   | Parameter                               | Value                                   |
05:55:13:494 [13724] | INFO  |   +-----------------------------------------+-----------------------------------------+
05:55:13:494 [13724] | INFO  |   | Width                                   | 2560                                    |
05:55:13:494 [13724] | INFO  |   | Height                                  | 1440                                    |
05:55:13:494 [13724] | INFO  |   | RefreshRate                             | 0                   1                   |
05:55:13:494 [13724] | INFO  |   | Format                                  | DXGI_FORMAT_R8G8B8A8_UNORM              |
05:55:13:494 [13724] | INFO  |   | Stereo                                  | FALSE                                   |
05:55:13:494 [13724] | INFO  |   | ScanlineOrdering                        | 0                                       |
05:55:13:495 [13724] | INFO  |   | Scaling                                 | 0                                       |
05:55:13:495 [13724] | INFO  |   | SampleCount                             | 1                                       |
05:55:13:495 [13724] | INFO  |   | SampleQuality                           | 0                                       |
05:55:13:495 [13724] | INFO  |   | BufferUsage                             | 0x30                                    |
05:55:13:495 [13724] | INFO  |   | BufferCount                             | 2                                       |
05:55:13:495 [13724] | INFO  |   | Windowed                                | TRUE                                    |
05:55:13:495 [13724] | INFO  |   | SwapEffect                              | 3                                       |
05:55:13:495 [13724] | INFO  |   | AlphaMode                               | 0                                       |
05:55:13:495 [13724] | INFO  |   | Flags                                   | 0x842                                   |
05:55:13:495 [13724] | INFO  |   +-----------------------------------------+-----------------------------------------+
05:55:13:498 [13724] | INFO  | Running on NVIDIA GeForce RTX 3080 Driver 556.12.
05:55:13:690 [13724] | INFO  | Recreated runtime environment on runtime 000001D99C80BC90 ("D:\Supermarket Simulator mod\Github\Für alle\ReShade.ini").
05:55:13:690 [13724] | INFO  | Redirecting IDXGISwapChain::ResizeBuffers(this = 000001D95995BC90, BufferCount = 2, Width = 2560, Height = 1440, NewFormat = 28, SwapChainFlags = 0x842) ...
05:55:13:691 [13724] | INFO  | Destroyed runtime environment on runtime 000001D99C80BC90 ("D:\Supermarket Simulator mod\Github\Für alle\ReShade.ini").
05:55:13:691 [13724] | INFO  | Recreated runtime environment on runtime 000001D99C80BC90 ("D:\Supermarket Simulator mod\Github\Für alle\ReShade.ini").
05:55:24:204 [25128] | INFO  | Successfully compiled "D:\Supermarket Simulator mod\Github\Für alle\reshade-shaders\Shaders\LumaSharpen.fx" in 0.022 s.
05:55:24:204 [09888] | INFO  | Successfully compiled "D:\Supermarket Simulator mod\Github\Für alle\reshade-shaders\Shaders\FakeHDR.fx" in 0.023 s.
05:55:24:204 [26796] | INFO  | Successfully compiled "D:\Supermarket Simulator mod\Github\Für alle\reshade-shaders\Shaders\LUT.fx" in 0.023 s.
05:55:24:204 [15664] | INFO  | Successfully compiled "D:\Supermarket Simulator mod\Github\Für alle\reshade-shaders\Shaders\DisplayDepth.fx" in 0.023 s.
05:55:24:205 [09632] | INFO  | Successfully compiled "D:\Supermarket Simulator mod\Github\Für alle\reshade-shaders\Shaders\Daltonize.fx" in 0.023 s.
05:55:24:205 [30188] | INFO  | Successfully compiled "D:\Supermarket Simulator mod\Github\Für alle\reshade-shaders\Shaders\Deband.fx" in 0.024 s.
05:55:24:210 [29576] | INFO  | Successfully compiled "D:\Supermarket Simulator mod\Github\Für alle\reshade-shaders\Shaders\FXAA.fx" in 0.03 s.
05:55:24:210 [16120] | INFO  | Successfully compiled "D:\Supermarket Simulator mod\Github\Für alle\reshade-shaders\Shaders\UIMask.fx" in 0.03 s.
05:55:24:227 [02616] | INFO  | Successfully compiled "D:\Supermarket Simulator mod\Github\Für alle\reshade-shaders\Shaders\AstrayFX\Clarity.fx" in 0.046 s.
05:55:28:030 [13724] | INFO  | Redirecting IDXGISwapChain::ResizeBuffers(this = 000001D95995BC90, BufferCount = 2, Width = 2560, Height = 1440, NewFormat = 28, SwapChainFlags = 0x842) ...
05:55:28:031 [13724] | INFO  | Destroyed runtime environment on runtime 000001D99C80BC90 ("D:\Supermarket Simulator mod\Github\Für alle\ReShade.ini").
05:55:28:034 [13724] | INFO  | Recreated runtime environment on runtime 000001D99C80BC90 ("D:\Supermarket Simulator mod\Github\Für alle\ReShade.ini").
05:55:28:490 [30768] | INFO  | Successfully compiled "D:\Supermarket Simulator mod\Github\Für alle\reshade-shaders\Shaders\Daltonize.fx" in 0.001 s.
05:55:28:490 [30772] | INFO  | Successfully compiled "D:\Supermarket Simulator mod\Github\Für alle\reshade-shaders\Shaders\Deband.fx" in 0.001 s.
05:55:28:491 [30776] | INFO  | Successfully compiled "D:\Supermarket Simulator mod\Github\Für alle\reshade-shaders\Shaders\DisplayDepth.fx" in 0.002 s.
05:55:28:491 [30792] | INFO  | Successfully compiled "D:\Supermarket Simulator mod\Github\Für alle\reshade-shaders\Shaders\LUT.fx" in 0.002 s.
05:55:28:490 [30780] | INFO  | Successfully compiled "D:\Supermarket Simulator mod\Github\Für alle\reshade-shaders\Shaders\FakeHDR.fx" in 0.001 s.
05:55:28:492 [30796] | INFO  | Successfully compiled "D:\Supermarket Simulator mod\Github\Für alle\reshade-shaders\Shaders\UIMask.fx" in 0.002 s.
05:55:28:492 [30788] | INFO  | Successfully compiled "D:\Supermarket Simulator mod\Github\Für alle\reshade-shaders\Shaders\LumaSharpen.fx" in 0.003 s.
05:55:28:492 [30764] | INFO  | Successfully compiled "D:\Supermarket Simulator mod\Github\Für alle\reshade-shaders\Shaders\AstrayFX\Clarity.fx" in 0.003 s.
05:55:28:492 [30784] | INFO  | Successfully compiled "D:\Supermarket Simulator mod\Github\Für alle\reshade-shaders\Shaders\FXAA.fx" in 0.003 s.
05:55:33:282 [13724] | INFO  | Redirecting RegisterClassExW(lpWndClassEx = 000000BC2EAEDAF0 { "SteamWinsockInitFakeClass_1", style = 0 }) ...
05:55:36:884 [13724] | INFO  | Redirecting IDXGISwapChain::ResizeBuffers(this = 000001D95995BC90, BufferCount = 2, Width = 2560, Height = 1440, NewFormat = 28, SwapChainFlags = 0x842) ...
05:55:36:886 [13724] | INFO  | Destroyed runtime environment on runtime 000001D99C80BC90 ("D:\Supermarket Simulator mod\Github\Für alle\ReShade.ini").
05:55:36:887 [13724] | INFO  | Recreated runtime environment on runtime 000001D99C80BC90 ("D:\Supermarket Simulator mod\Github\Für alle\ReShade.ini").
05:55:37:060 [31068] | INFO  | Successfully compiled "D:\Supermarket Simulator mod\Github\Für alle\reshade-shaders\Shaders\DisplayDepth.fx" in 0.001 s.
05:55:37:060 [31060] | INFO  | Successfully compiled "D:\Supermarket Simulator mod\Github\Für alle\reshade-shaders\Shaders\Daltonize.fx" in 0.001 s.
05:55:37:060 [31084] | INFO  | Successfully compiled "D:\Supermarket Simulator mod\Github\Für alle\reshade-shaders\Shaders\LUT.fx" in 0.002 s.
05:55:37:060 [31072] | INFO  | Successfully compiled "D:\Supermarket Simulator mod\Github\Für alle\reshade-shaders\Shaders\FakeHDR.fx" in 0.002 s.
05:55:37:060 [31064] | INFO  | Successfully compiled "D:\Supermarket Simulator mod\Github\Für alle\reshade-shaders\Shaders\Deband.fx" in 0.002 s.
05:55:37:061 [31080] | INFO  | Successfully compiled "D:\Supermarket Simulator mod\Github\Für alle\reshade-shaders\Shaders\LumaSharpen.fx" in 0.002 s.
05:55:37:061 [31056] | INFO  | Successfully compiled "D:\Supermarket Simulator mod\Github\Für alle\reshade-shaders\Shaders\AstrayFX\Clarity.fx" in 0.003 s.
05:55:37:061 [31088] | INFO  | Successfully compiled "D:\Supermarket Simulator mod\Github\Für alle\reshade-shaders\Shaders\UIMask.fx" in 0.002 s.
05:55:37:062 [31076] | INFO  | Successfully compiled "D:\Supermarket Simulator mod\Github\Für alle\reshade-shaders\Shaders\FXAA.fx" in 0.003 s.
